// Jest Snapshot v1, https://goo.gl/fbAQLP

exports[`<Repositories /> Rendering 1`] = `
<div>
  <WithStyles(ForwardRef(Grid))
    container={true}
    direction="row"
    spacing={5}
  >
    <WithStyles(ForwardRef(Grid))
      item={true}
      xs={12}
    >
      <WithStyles(ForwardRef(TextField))
        className="makeStyles-textField-1"
        id="inputSearch"
        label="Repository"
        onChange={[Function]}
        value=""
      />
    </WithStyles(ForwardRef(Grid))>
    <WithStyles(ForwardRef(Grid))
      item={true}
      xs={12}
    />
  </WithStyles(ForwardRef(Grid))>
</div>
`;
